[19:07:18] INFO - GPU: NVIDIA GeForce RTX 4060 Laptop GPU
[19:07:18] INFO - ============================================================
[19:07:18] INFO - 股价预测模型 - 训练主程序
[19:07:18] INFO - 开始时间: 2026-04-29 19:07:18
[19:07:18] INFO - ============================================================
[19:09:48] INFO - 数据加载完成: 71909 条记录, 300 只股票
[19:09:48] INFO - 开始特征工程 (300 只股票)...
[19:10:32] INFO - 特征矩阵: (70409, 133), 目标: (70409,)
[19:10:32] INFO - 波动率聚类分布: 低=24496, 中=28692, 高=17221
[19:10:32] INFO - 样本权重: mean=1.73, 高权重占比=24.4%
[19:10:32] INFO - 6模型方案: LightGBM + CatBoost + XGBoost + PatchTST + TimesNet + DLinear
[19:10:32] INFO - 开始训练基础模型...
[19:10:32] INFO - 训练集: 63369 样本, 验证集: 7040 样本
[19:10:32] INFO - 并行训练 3 个ML模型...
[19:10:32] INFO - 训练 lightgbm...
[19:10:32] INFO - 训练 catboost...
[19:10:32] INFO - 训练 xgboost...
[19:10:32] ERROR -   lightgbm 训练失败: label should be int type (met 0.017336) for ranking task,
for the gain of label, please set the label_gain parameter
[19:10:38] INFO -   catboost val MSE=0.004971, IC=0.1598
[19:10:39] INFO -   xgboost val MSE=0.004152, IC=0.3779
[19:10:39] INFO - 串行训练 3 个PyTorch模型...
[19:10:39] INFO - 训练 patchtst...
[19:10:45] INFO -   patchtst Epoch 1/50, train=0.0096, val=0.0044
[19:10:58] INFO -   patchtst Epoch 5/50, train=0.0025, val=0.0043
[19:11:14] INFO -   patchtst Epoch 10/50, train=0.0024, val=0.0040
[19:11:31] INFO -   patchtst Epoch 15/50, train=0.0022, val=0.0039
[19:11:48] INFO -   patchtst Epoch 20/50, train=0.0018, val=0.0038
[19:12:05] INFO -   patchtst Epoch 25/50, train=0.0015, val=0.0037
[19:12:22] INFO -   patchtst Epoch 30/50, train=0.0014, val=0.0037
[19:12:41] INFO -   patchtst Epoch 35/50, train=0.0016, val=0.0038
[19:12:52] INFO -   patchtst 早停 @ epoch 38
[19:12:52] INFO -   patchtst 训练完成 (最佳 val_loss=0.003687)
[19:12:52] INFO - 训练 timesnet...
[19:13:01] INFO -   timesnet Epoch 1/50, train=0.9098, val=0.0041
[19:13:33] INFO -   timesnet Epoch 5/50, train=0.0023, val=0.0039
[19:14:14] INFO -   timesnet Epoch 10/50, train=0.0021, val=0.0038
[19:14:54] INFO -   timesnet Epoch 15/50, train=0.0021, val=0.0038
[19:15:35] INFO -   timesnet Epoch 20/50, train=0.0020, val=0.0037
[19:16:15] INFO -   timesnet Epoch 25/50, train=0.0018, val=0.0036
[19:16:56] INFO -   timesnet Epoch 30/50, train=0.0018, val=0.0036
[19:17:36] INFO -   timesnet Epoch 35/50, train=0.0018, val=0.0037
[19:18:00] INFO -   timesnet 早停 @ epoch 38
[19:18:00] INFO -   timesnet 训练完成 (最佳 val_loss=0.003616)
[19:18:00] INFO - 训练 dlinear...
[19:18:25] INFO -   dlinear Epoch 1/50, train=0.0102, val=0.0054
[19:20:03] INFO -   dlinear Epoch 5/50, train=0.0023, val=0.0039
[19:22:06] INFO -   dlinear Epoch 10/50, train=0.0021, val=0.0037
[19:24:09] INFO -   dlinear Epoch 15/50, train=0.0022, val=0.0038
[19:26:12] INFO -   dlinear Epoch 20/50, train=0.0021, val=0.0038
[19:26:12] INFO -   dlinear 早停 @ epoch 20
[19:26:12] INFO -   dlinear 训练完成 (最佳 val_loss=0.003746)
[19:26:12] INFO - 基础模型训练完成
[19:26:12] INFO - 生成OOF预测...
[19:26:12] INFO - 时间序列滚动交叉验证 (6 折)...
[19:26:12] WARNING -   Fold 1 训练集不足(需要>120, 当前0)，跳过
[19:26:12] INFO -   Fold 2/6: train=11734, val=11734
[19:26:12] WARNING -   Fold 2 lightgbm 失败: label should be int type (met 0.017336) for ranking task,
for the gain of label, please set the label_gain parameter
[19:26:49] INFO -   Fold 3/6: train=23468, val=11734
[19:26:49] WARNING -   Fold 3 lightgbm 失败: label should be int type (met 0.017336) for ranking task,
for the gain of label, please set the label_gain parameter
[19:27:54] INFO -   Fold 4/6: train=35202, val=11734
[19:27:54] WARNING -   Fold 4 lightgbm 失败: label should be int type (met 0.017336) for ranking task,
for the gain of label, please set the label_gain parameter
[19:29:33] INFO -   Fold 5/6: train=46936, val=11734
[19:29:33] WARNING -   Fold 5 lightgbm 失败: label should be int type (met 0.017336) for ranking task,
for the gain of label, please set the label_gain parameter
