[21:57:39] INFO - GPU: NVIDIA GeForce RTX 4060 Laptop GPU
[21:57:40] INFO - ============================================================
[21:57:40] INFO - 股价预测模型 - 训练主程序
[21:57:40] INFO - 开始时间: 2026-05-05 21:57:40
[21:57:40] INFO - ============================================================
[21:57:50] INFO - 数据加载完成: 36120 条记录, 300 只股票
[21:57:50] INFO - 开始特征工程 (300 只股票)...
[21:58:33] INFO - 特征矩阵: (33845, 130), 目标: (33845,)
[21:58:33] INFO - 波动率聚类分布: 低=16391, 中=8840, 高=8614
[21:58:33] INFO - 样本权重: mean=1.74, 高权重占比=25.0%
[21:58:33] INFO - 6模型方案: LightGBM + CatBoost + XGBoost + PatchTST + TimesNet + DLinear
[21:58:33] INFO - 开始训练基础模型...
[21:58:33] INFO - 训练集: 30461 样本, 验证集: 3384 样本
[21:58:33] INFO - 并行训练 3 个ML模型...
[21:58:33] INFO - 训练 lightgbm...
[21:58:33] INFO - 训练 catboost...
[21:58:33] INFO - 训练 xgboost...
[21:58:34] INFO -   lightgbm val MSE=0.003326, IC=0.4360
[21:58:35] INFO -   xgboost val MSE=0.002833, IC=0.5306
[21:58:36] INFO -   catboost val MSE=0.003412, IC=0.4150
[21:58:36] INFO - 串行训练 3 个PyTorch模型...
[21:58:36] INFO - 训练 patchtst...
[21:58:39] INFO -   patchtst Epoch 1/50, train=0.0294, val_loss=0.0038, val_ic=0.0409
[21:58:39] ERROR -   patchtst 训练失败: name 'monitor' is not defined
[21:58:39] INFO - 训练 timesnet...
[21:58:43] INFO -   timesnet Epoch 1/50, train=5.2374, val_loss=0.0035, val_ic=0.2905
[21:58:43] ERROR -   timesnet 训练失败: name 'monitor' is not defined
[21:58:43] INFO - 训练 dlinear...
[21:58:54] INFO -   dlinear Epoch 1/50, train=0.0306, val_loss=0.0067, val_ic=0.1557
[21:58:54] ERROR -   dlinear 训练失败: name 'monitor' is not defined
[21:58:54] INFO - 基础模型训练完成
[21:58:54] INFO - 生成OOF预测...
[21:58:54] INFO - 时间序列滚动交叉验证 (6 折)...
[21:58:54] WARNING -   Fold 1 训练集不足(需要>120, 当前0)，跳过
[21:58:54] INFO -   Fold 2/6: train=5640, val=5640
[21:59:41] INFO -   Fold 3/6: train=11280, val=5640
[22:01:09] INFO -   Fold 4/6: train=16920, val=5640
[22:03:26] INFO -   Fold 5/6: train=22560, val=5640
[22:19:45] INFO -   Fold 6/6: train=28200, val=5645
[22:23:34] INFO - 训练Stacking元模型...
[22:23:34] INFO - NNLS权重: IC=0.3702, MSE=0.001886
[22:23:34] INFO - IC优化权重: IC=0.3743, MSE=0.001890
[22:23:34] INFO - 选用IC优化权重 (IC=0.3743)
[22:23:34] INFO -   lightgbm: 0.0000 (被压缩)
[22:23:34] INFO -   catboost: 0.2041 (有效)
[22:23:34] INFO -   xgboost: 0.4349 (有效)
[22:23:34] INFO -   patchtst: 0.0878 (有效)
[22:23:34] INFO -   timesnet: 0.1468 (有效)
[22:23:34] INFO -   dlinear: 0.1264 (有效)
[22:23:34] INFO - 元模型 OOF MSE=0.001890, IC=0.3600
[22:23:34] INFO - 
============================================================
[22:23:34] INFO - 模型评估结果
[22:23:34] INFO - ============================================================
[22:23:34] INFO - 
lightgbm:
[22:23:34] INFO -   MSE=0.002110, MAE=0.030577, R2=0.0708, IC=0.3845
[22:23:34] INFO - 
catboost:
[22:23:34] INFO -   MSE=0.002161, MAE=0.031248, R2=0.0484, IC=0.3719
[22:23:34] INFO - 
xgboost:
[22:23:34] INFO -   MSE=0.002042, MAE=0.030264, R2=0.1006, IC=0.4122
[22:23:34] INFO - 
patchtst:
[22:23:34] INFO -   MSE=0.002315, MAE=0.031984, R2=-0.0141, IC=0.1663
[22:23:34] INFO - 
timesnet:
[22:23:34] INFO -   MSE=0.002254, MAE=0.031863, R2=0.0129, IC=0.1805
[22:23:34] INFO - 
dlinear:
[22:23:34] INFO -   MSE=0.002294, MAE=0.031454, R2=-0.0049, IC=0.2483
[22:23:34] INFO - 
Stacking Ensemble:
[22:23:34] INFO -   MSE=0.001890, MAE=0.028666, R2=0.1252, IC=0.3600
[22:23:34] INFO - 模型已保存到 D:\stockclone\bdc2026\app\code\src\model
[22:23:34] INFO - ============================================================
[22:23:34] INFO - 训练完成! 总耗时: 0.43 小时
[22:23:34] INFO - ============================================================
