[23:35:10] INFO - GPU: NVIDIA GeForce RTX 4060 Laptop GPU
[23:35:11] INFO - ============================================================
[23:35:11] INFO - 股价预测模型 - 训练主程序
[23:35:11] INFO - 开始时间: 2026-05-05 23:35:11
[23:35:11] INFO - ============================================================
[23:35:34] INFO - 数据加载完成: 36120 条记录, 300 只股票
[23:35:34] INFO - 开始特征工程 (300 只股票)...
[23:36:18] INFO - 特征矩阵: (33845, 130), 目标: (33845,)
[23:36:18] INFO - 波动率聚类分布: 低=16391, 中=8840, 高=8614
[23:36:18] INFO - 样本权重: mean=1.74, 高权重占比=25.0%
[23:36:18] INFO - 6模型方案: LightGBM + CatBoost + XGBoost + PatchTST + TimesNet + DLinear
[23:36:18] INFO - 开始训练基础模型...
[23:36:18] INFO - 训练集: 30461 样本, 验证集: 3384 样本
[23:36:18] INFO - 并行训练 3 个ML模型...
[23:36:18] INFO - 训练 lightgbm...
[23:36:18] INFO - 训练 catboost...
[23:36:18] INFO - 训练 xgboost...
[23:36:19] INFO -   lightgbm val MSE=0.003326, IC=0.4360
[23:36:26] INFO -   xgboost val MSE=0.002833, IC=0.5306
[23:36:27] INFO -   catboost val MSE=0.003412, IC=0.4150
[23:36:27] INFO - 串行训练 3 个PyTorch模型...
[23:36:27] INFO - 训练 patchtst...
[23:36:30] INFO -   patchtst Epoch 1/50, train=0.0294, val_loss=0.0038, val_ic=0.0409
[23:36:38] INFO -   patchtst Epoch 5/50, train=0.0039, val_loss=0.0036, val_ic=0.1666
[23:36:47] INFO -   patchtst Epoch 10/50, train=0.0037, val_loss=0.0036, val_ic=0.1905
[23:36:57] INFO -   patchtst Epoch 15/50, train=0.0032, val_loss=0.0034, val_ic=0.3289
[23:37:06] INFO -   patchtst Epoch 20/50, train=0.0027, val_loss=0.0033, val_ic=0.3522
[23:37:16] INFO -   patchtst Epoch 25/50, train=0.0023, val_loss=0.0033, val_ic=0.3794
[23:37:26] INFO -   patchtst Epoch 30/50, train=0.0020, val_loss=0.0032, val_ic=0.4095
[23:37:36] INFO -   patchtst Epoch 35/50, train=0.0025, val_loss=0.0033, val_ic=0.3637
[23:37:46] INFO -   patchtst Epoch 40/50, train=0.0017, val_loss=0.0031, val_ic=0.4109
[23:37:56] INFO -   patchtst Epoch 45/50, train=0.0016, val_loss=0.0032, val_ic=0.3828
[23:38:04] INFO -   patchtst 早停 @ epoch 49 (best_ic=0.4161)
[23:38:04] INFO -   patchtst 训练完成 (最佳 val_loss=0.003073, val_ic=0.4161)
[23:38:05] INFO - 训练 timesnet...
[23:38:09] INFO -   timesnet Epoch 1/50, train=1.4683, val_loss=0.0035, val_ic=0.2832
[23:38:26] INFO -   timesnet Epoch 5/50, train=0.0032, val_loss=0.0033, val_ic=0.3899
[23:38:47] INFO -   timesnet Epoch 10/50, train=0.0028, val_loss=0.0031, val_ic=0.4040
[23:39:08] INFO -   timesnet Epoch 15/50, train=0.0027, val_loss=0.0031, val_ic=0.4225
[23:39:28] INFO -   timesnet Epoch 20/50, train=0.0023, val_loss=0.0031, val_ic=0.4374
[23:39:49] INFO -   timesnet Epoch 25/50, train=0.0020, val_loss=0.0031, val_ic=0.4143
[23:40:02] INFO -   timesnet 早停 @ epoch 28 (best_ic=0.4679)
[23:40:02] INFO -   timesnet 训练完成 (最佳 val_loss=0.003052, val_ic=0.4679)
[23:40:02] INFO - 训练 dlinear...
[23:40:14] INFO -   dlinear Epoch 1/50, train=0.0314, val_loss=0.0070, val_ic=0.0608
[23:41:02] INFO -   dlinear Epoch 5/50, train=0.0038, val_loss=0.0036, val_ic=0.2232
[23:42:02] INFO -   dlinear Epoch 10/50, train=0.0034, val_loss=0.0033, val_ic=0.3034
[23:43:02] INFO -   dlinear Epoch 15/50, train=0.0033, val_loss=0.0033, val_ic=0.3266
[23:44:02] INFO -   dlinear Epoch 20/50, train=0.0031, val_loss=0.0032, val_ic=0.3442
[23:45:02] INFO -   dlinear Epoch 25/50, train=0.0030, val_loss=0.0032, val_ic=0.3609
[23:46:02] INFO -   dlinear Epoch 30/50, train=0.0030, val_loss=0.0032, val_ic=0.3769
[23:47:02] INFO -   dlinear Epoch 35/50, train=0.0031, val_loss=0.0032, val_ic=0.3453
[23:47:52] INFO -   dlinear 早停 @ epoch 39 (best_ic=0.3767)
[23:47:52] INFO -   dlinear 训练完成 (最佳 val_loss=0.003162, val_ic=0.3767)
[23:47:52] INFO - 基础模型训练完成
[23:47:52] INFO - 生成OOF预测...
[23:47:52] INFO - 时间序列滚动交叉验证 (6 折)...
[23:47:52] WARNING -   Fold 1 训练集不足(需要>120, 当前0)，跳过
[23:47:52] INFO -   Fold 2/6: train=5640, val=5640
[23:48:48] INFO -   Fold 3/6: train=11280, val=5640
[23:50:23] INFO -   Fold 4/6: train=16920, val=5640
[23:52:43] INFO -   Fold 5/6: train=22560, val=5640
[23:55:47] INFO -   Fold 6/6: train=28200, val=5645
[23:59:48] INFO - 训练Stacking元模型...
[23:59:48] INFO - NNLS权重: IC=0.3702, MSE=0.001886
[23:59:48] INFO - IC优化权重: IC=0.3743, MSE=0.001890
[23:59:48] INFO - 选用IC优化权重 (IC=0.3743)
[23:59:48] INFO -   lightgbm: 0.0000 (被压缩)
[23:59:48] INFO -   catboost: 0.2041 (有效)
[23:59:48] INFO -   xgboost: 0.4349 (有效)
[23:59:48] INFO -   patchtst: 0.0878 (有效)
[23:59:48] INFO -   timesnet: 0.1468 (有效)
[23:59:48] INFO -   dlinear: 0.1264 (有效)
[23:59:48] INFO - 元模型 OOF MSE=0.001890, IC=0.3600
[23:59:48] INFO - 
============================================================
[23:59:48] INFO - 模型评估结果
[23:59:48] INFO - ============================================================
[23:59:48] INFO - 
lightgbm:
[23:59:48] INFO -   MSE=0.002110, MAE=0.030577, R2=0.0708, IC=0.3845
[23:59:48] INFO - 
catboost:
[23:59:48] INFO -   MSE=0.002161, MAE=0.031248, R2=0.0484, IC=0.3719
[23:59:48] INFO - 
xgboost:
[23:59:48] INFO -   MSE=0.002042, MAE=0.030264, R2=0.1006, IC=0.4122
[23:59:48] INFO - 
patchtst:
[23:59:48] INFO -   MSE=0.002315, MAE=0.031984, R2=-0.0141, IC=0.1663
[23:59:48] INFO - 
timesnet:
[23:59:48] INFO -   MSE=0.002254, MAE=0.031863, R2=0.0129, IC=0.1805
[23:59:48] INFO - 
dlinear:
[23:59:48] INFO -   MSE=0.002294, MAE=0.031454, R2=-0.0049, IC=0.2483
[23:59:48] INFO - 
Stacking Ensemble:
[23:59:48] INFO -   MSE=0.001890, MAE=0.028666, R2=0.1252, IC=0.3600
[23:59:48] INFO - 模型已保存到 D:\stockclone\bdc2026\app\code\src\model
[23:59:49] INFO - ============================================================
[23:59:49] INFO - 训练完成! 总耗时: 0.41 小时
[23:59:49] INFO - ============================================================
