[23:36:54] INFO - GPU: NVIDIA GeForce RTX 4060 Laptop GPU
[23:36:55] INFO - ============================================================
[23:36:55] INFO - 股价预测模型 - 训练主程序
[23:36:55] INFO - 开始时间: 2026-05-10 23:36:55
[23:36:55] INFO - ============================================================
[23:37:18] INFO - 数据加载完成: 35839 条记录, 300 只股票
[23:37:18] INFO - 开始特征工程 (300 只股票)...
[23:37:52] INFO - 特征矩阵: (33561, 130), 目标: (33561,)
[23:37:52] INFO - 波动率聚类分布: 低=16602, 中=8418, 高=8541
[23:37:52] INFO - 样本权重: mean=1.73, 高权重占比=24.6%
[23:37:52] INFO - 7模型方案: LightGBM + CatBoost + XGBoost + NGBoost + PatchTST + DLinear + TFT
[23:37:52] INFO - 开始训练基础模型...
[23:37:52] INFO - 训练集: 30205 样本, 验证集: 3356 样本
[23:37:52] INFO - 并行训练 4 个ML模型...
[23:37:52] INFO - 训练 lightgbm...
[23:37:52] INFO - 训练 catboost...
[23:37:52] INFO - 训练 xgboost...
[23:37:52] INFO - 训练 ngboost...
[23:37:52] ERROR -   ngboost 训练失败: check_X_y() got an unexpected keyword argument 'ensure_all_finite'
[23:37:53] INFO -   lightgbm val MSE=0.004062, IC=0.3031
[23:38:06] INFO -   xgboost val MSE=0.003072, IC=0.5350
[23:38:06] INFO -   catboost val MSE=0.003736, IC=0.4110
[23:38:06] INFO - 串行训练 3 个PyTorch模型...
[23:38:06] INFO - 训练 patchtst...
[23:38:09] INFO -   patchtst Epoch 1/50, train=0.0295, val_loss=0.0038, val_ic=0.1462
[23:38:17] INFO -   patchtst Epoch 5/50, train=0.0041, val_loss=0.0038, val_ic=0.2483
[23:38:26] INFO -   patchtst Epoch 10/50, train=0.0038, val_loss=0.0036, val_ic=0.2650
[23:38:35] INFO -   patchtst Epoch 15/50, train=0.0034, val_loss=0.0037, val_ic=0.2989
[23:38:45] INFO -   patchtst Epoch 20/50, train=0.0031, val_loss=0.0035, val_ic=0.3437
[23:38:54] INFO -   patchtst Epoch 25/50, train=0.0024, val_loss=0.0033, val_ic=0.4048
[23:39:04] INFO -   patchtst Epoch 30/50, train=0.0021, val_loss=0.0032, val_ic=0.4172
[23:39:13] INFO -   patchtst Epoch 35/50, train=0.0025, val_loss=0.0032, val_ic=0.4353
[23:39:22] INFO -   patchtst Epoch 40/50, train=0.0017, val_loss=0.0032, val_ic=0.4282
[23:39:32] INFO -   patchtst Epoch 45/50, train=0.0017, val_loss=0.0032, val_ic=0.4253
[23:39:41] INFO -   patchtst Epoch 50/50, train=0.0014, val_loss=0.0032, val_ic=0.4230
[23:39:41] INFO -   patchtst 训练完成 (最佳 val_loss=0.003127, val_ic=0.4517)
[23:39:41] INFO - 训练 dlinear...
[23:39:52] INFO -   dlinear Epoch 1/50, train=0.0355, val_loss=0.0081, val_ic=0.0380
[23:40:37] INFO -   dlinear Epoch 5/50, train=0.0040, val_loss=0.0039, val_ic=0.1983
[23:41:40] INFO -   dlinear Epoch 10/50, train=0.0035, val_loss=0.0035, val_ic=0.2934
[23:42:43] INFO -   dlinear Epoch 15/50, train=0.0034, val_loss=0.0035, val_ic=0.3029
[23:43:40] INFO -   dlinear Epoch 20/50, train=0.0033, val_loss=0.0034, val_ic=0.3455
[23:44:41] INFO -   dlinear Epoch 25/50, train=0.0032, val_loss=0.0033, val_ic=0.3625
[23:45:45] INFO -   dlinear Epoch 30/50, train=0.0031, val_loss=0.0033, val_ic=0.3827
[23:46:48] INFO -   dlinear Epoch 35/50, train=0.0033, val_loss=0.0034, val_ic=0.3257
[23:47:25] INFO -   dlinear 早停 @ epoch 38 (best_ic=0.3823)
[23:47:25] INFO -   dlinear 训练完成 (最佳 val_loss=0.003266, val_ic=0.3823)
[23:47:25] INFO - 训练 tft...
[23:47:27] INFO -   tft Epoch 1/50, train=0.1246, val_loss=0.0038, val_ic=0.1757
[23:47:36] INFO -   tft Epoch 5/50, train=0.0041, val_loss=0.0037, val_ic=0.2424
[23:47:48] INFO -   tft Epoch 10/50, train=0.0038, val_loss=0.0036, val_ic=0.2898
[23:47:59] INFO -   tft Epoch 15/50, train=0.0036, val_loss=0.0036, val_ic=0.3161
[23:48:10] INFO -   tft Epoch 20/50, train=0.0035, val_loss=0.0035, val_ic=0.3610
[23:48:21] INFO -   tft Epoch 25/50, train=0.0028, val_loss=0.0034, val_ic=0.3777
[23:48:32] INFO -   tft Epoch 30/50, train=0.0025, val_loss=0.0032, val_ic=0.4083
[23:48:43] INFO -   tft Epoch 35/50, train=0.0028, val_loss=0.0033, val_ic=0.3854
[23:48:54] INFO -   tft Epoch 40/50, train=0.0021, val_loss=0.0032, val_ic=0.3995
[23:49:05] INFO -   tft Epoch 45/50, train=0.0019, val_loss=0.0033, val_ic=0.3858
[23:49:16] INFO -   tft Epoch 50/50, train=0.0015, val_loss=0.0032, val_ic=0.4160
[23:49:16] INFO -   tft 训练完成 (最佳 val_loss=0.003105, val_ic=0.4347)
[23:49:17] INFO - 基础模型训练完成
[23:49:17] INFO - 生成OOF预测...
[23:49:17] INFO - 时间序列滚动交叉验证 (6 折)...
[23:49:17] WARNING -   Fold 1 训练集不足(需要>120, 当前0)，跳过
[23:49:17] INFO -   Fold 2/6: train=5593, val=5593
[23:49:26] WARNING -   Fold 2 ngboost 失败: check_X_y() got an unexpected keyword argument 'ensure_all_finite'
[23:50:06] INFO -   Fold 3/6: train=11186, val=5593
[23:50:21] WARNING -   Fold 3 ngboost 失败: check_X_y() got an unexpected keyword argument 'ensure_all_finite'
[23:51:48] INFO -   Fold 4/6: train=16779, val=5593
[23:52:06] WARNING -   Fold 4 ngboost 失败: check_X_y() got an unexpected keyword argument 'ensure_all_finite'
[23:54:07] INFO -   Fold 5/6: train=22372, val=5593
[23:54:35] WARNING -   Fold 5 ngboost 失败: check_X_y() got an unexpected keyword argument 'ensure_all_finite'
[23:57:22] INFO -   Fold 6/6: train=27965, val=5596
[23:57:58] WARNING -   Fold 6 ngboost 失败: check_X_y() got an unexpected keyword argument 'ensure_all_finite'
[00:01:26] INFO - 训练Stacking元模型...
[00:01:26] INFO - NNLS权重: IC=0.3792, MSE=0.001928
[00:01:26] INFO - IC优化权重: IC=0.3829, MSE=0.001942
[00:01:26] INFO - 选用IC优化权重 (IC=0.3829)
[00:01:26] INFO -   lightgbm: 0.1669 (有效)
[00:01:26] INFO -   catboost: 0.0378 (被压缩)
[00:01:26] INFO -   xgboost: 0.2819 (有效)
[00:01:26] INFO -   patchtst: 0.1772 (有效)
[00:01:26] INFO -   ngboost: 0.1490 (有效)
[00:01:26] INFO -   dlinear: 0.0971 (有效)
[00:01:26] INFO -   tft: 0.0901 (有效)
[00:01:26] INFO - 元模型 OOF MSE=0.001942, IC=0.3791
[00:01:26] INFO - 
============================================================
[00:01:26] INFO - 模型评估结果
[00:01:26] INFO - ============================================================
[00:01:26] INFO - 
lightgbm:
[00:01:26] INFO -   MSE=0.002172, MAE=0.031292, R2=0.0724, IC=0.3891
[00:01:26] INFO - 
catboost:
[00:01:26] INFO -   MSE=0.002256, MAE=0.032050, R2=0.0364, IC=0.3660
[00:01:26] INFO - 
xgboost:
[00:01:26] INFO -   MSE=0.002125, MAE=0.030984, R2=0.0926, IC=0.4092
[00:01:26] INFO - 
patchtst:
[00:01:26] INFO -   MSE=0.002290, MAE=0.031085, R2=0.0275, IC=0.2561
[00:01:26] INFO - 
dlinear:
[00:01:26] INFO -   MSE=0.002366, MAE=0.032225, R2=-0.0049, IC=0.2452
[00:01:26] INFO - 
tft:
[00:01:26] INFO -   MSE=0.002280, MAE=0.032006, R2=0.0315, IC=0.2779
[00:01:26] INFO - 
Stacking Ensemble:
[00:01:26] INFO -   MSE=0.001942, MAE=0.028682, R2=0.1280, IC=0.3791
