[19:41:35] INFO - GPU: NVIDIA GeForce RTX 4060 Laptop GPU
[19:41:35] INFO - ============================================================
[19:41:35] INFO - 股价预测模型 - 训练主程序
[19:41:35] INFO - 开始时间: 2026-04-29 19:41:35
[19:41:35] INFO - ============================================================
[19:42:01] INFO - 数据加载完成: 71909 条记录, 300 只股票
[19:42:01] INFO - 开始特征工程 (300 只股票)...
[19:42:45] INFO - 特征矩阵: (70409, 133), 目标: (70409,)
[19:42:45] INFO - 波动率聚类分布: 低=24496, 中=28692, 高=17221
[19:42:45] INFO - 样本权重: mean=1.73, 高权重占比=24.4%
[19:42:45] INFO - 6模型方案: LightGBM + CatBoost + XGBoost + PatchTST + TimesNet + DLinear
[19:42:45] INFO - 开始训练基础模型...
[19:42:45] INFO - 训练集: 63369 样本, 验证集: 7040 样本
[19:42:45] INFO - 并行训练 3 个ML模型...
[19:42:45] INFO - 训练 lightgbm...
[19:42:45] INFO - 训练 catboost...
[19:42:45] INFO - 训练 xgboost...
[19:42:46] INFO -   catboost val MSE=0.004971, IC=0.1598
[19:42:46] INFO -   lightgbm val MSE=0.004196, IC=0.3690
[19:42:47] INFO -   xgboost val MSE=0.004152, IC=0.3779
[19:42:47] INFO - 串行训练 3 个PyTorch模型...
[19:42:47] INFO - 训练 patchtst...
[19:42:52] INFO -   patchtst Epoch 1/50, train=0.0096, val=0.0044
[19:43:05] INFO -   patchtst Epoch 5/50, train=0.0025, val=0.0043
[19:43:22] INFO -   patchtst Epoch 10/50, train=0.0024, val=0.0040
[19:43:40] INFO -   patchtst Epoch 15/50, train=0.0022, val=0.0039
[19:43:57] INFO -   patchtst Epoch 20/50, train=0.0018, val=0.0038
[19:44:14] INFO -   patchtst Epoch 25/50, train=0.0015, val=0.0037
[19:44:33] INFO -   patchtst Epoch 30/50, train=0.0014, val=0.0037
[19:44:52] INFO -   patchtst Epoch 35/50, train=0.0016, val=0.0038
[19:45:04] INFO -   patchtst 早停 @ epoch 38
[19:45:04] INFO -   patchtst 训练完成 (最佳 val_loss=0.003687)
[19:45:04] INFO - 训练 timesnet...
[19:45:12] INFO -   timesnet Epoch 1/50, train=0.9098, val=0.0041
[19:45:45] INFO -   timesnet Epoch 5/50, train=0.0023, val=0.0039
[19:46:25] INFO -   timesnet Epoch 10/50, train=0.0021, val=0.0038
[19:47:06] INFO -   timesnet Epoch 15/50, train=0.0021, val=0.0038
[19:47:46] INFO -   timesnet Epoch 20/50, train=0.0020, val=0.0037
[19:48:26] INFO -   timesnet Epoch 25/50, train=0.0018, val=0.0036
[19:49:07] INFO -   timesnet Epoch 30/50, train=0.0018, val=0.0036
[19:49:48] INFO -   timesnet Epoch 35/50, train=0.0018, val=0.0037
[19:50:13] INFO -   timesnet 早停 @ epoch 38
[19:50:13] INFO -   timesnet 训练完成 (最佳 val_loss=0.003616)
[19:50:13] INFO - 训练 dlinear...
[19:50:38] INFO -   dlinear Epoch 1/50, train=0.0102, val=0.0054
[19:52:17] INFO -   dlinear Epoch 5/50, train=0.0023, val=0.0039
[19:54:26] INFO -   dlinear Epoch 10/50, train=0.0021, val=0.0037
[19:56:32] INFO -   dlinear Epoch 15/50, train=0.0022, val=0.0038
[19:58:36] INFO -   dlinear Epoch 20/50, train=0.0021, val=0.0038
[19:58:36] INFO -   dlinear 早停 @ epoch 20
[19:58:36] INFO -   dlinear 训练完成 (最佳 val_loss=0.003746)
[19:58:36] INFO - 基础模型训练完成
[19:58:36] INFO - 生成OOF预测...
[19:58:36] INFO - 时间序列滚动交叉验证 (6 折)...
[19:58:36] WARNING -   Fold 1 训练集不足(需要>120, 当前0)，跳过
[19:58:36] INFO -   Fold 2/6: train=11734, val=11734
[19:59:11] INFO -   Fold 3/6: train=23468, val=11734
[20:00:18] INFO -   Fold 4/6: train=35202, val=11734
[20:01:56] INFO -   Fold 5/6: train=46936, val=11734
[20:04:04] INFO -   Fold 6/6: train=58670, val=11739
[20:06:41] INFO - 训练Stacking元模型...
[20:06:41] INFO - 元模型训练完成 (alpha=0.1)
[20:06:41] INFO - 元模型 OOF MSE=0.002397, IC=0.2547
[20:06:41] INFO - 
============================================================
[20:06:41] INFO - 模型评估结果
[20:06:41] INFO - ============================================================
[20:06:41] INFO - 
lightgbm:
[20:06:41] INFO -   MSE=0.002813, MAE=0.037491, R2=-0.0282, IC=0.2748
[20:06:41] INFO - 
catboost:
[20:06:41] INFO -   MSE=0.002906, MAE=0.038686, R2=-0.0622, IC=0.2385
[20:06:41] INFO - 
xgboost:
[20:06:41] INFO -   MSE=0.002830, MAE=0.036988, R2=-0.0343, IC=0.2871
[20:06:41] INFO - 
patchtst:
[20:06:41] INFO -   MSE=0.002899, MAE=0.037712, R2=-0.0603, IC=0.0609
[20:06:41] INFO - 
timesnet:
[20:06:41] INFO -   MSE=0.002673, MAE=0.035018, R2=0.0225, IC=0.1833
[20:06:41] INFO - 
dlinear:
[20:06:41] INFO -   MSE=0.003234, MAE=0.040092, R2=-0.1826, IC=0.1818
[20:06:41] INFO - 
Stacking Ensemble:
[20:06:41] INFO -   MSE=0.002397, MAE=0.032990, R2=0.0844, IC=0.2547
[20:06:41] INFO - 模型已保存到 D:\stockclone\bdc2026\app\code\src\model
[20:06:41] INFO - ============================================================
[20:06:41] INFO - 训练完成! 总耗时: 0.42 小时
[20:06:41] INFO - ============================================================
