[22:39:59] INFO - GPU: NVIDIA GeForce RTX 4060 Laptop GPU
[22:39:59] INFO - ============================================================
[22:39:59] INFO - 股价预测模型 - 训练主程序
[22:39:59] INFO - 开始时间: 2026-05-05 22:39:59
[22:39:59] INFO - ============================================================
[22:40:36] INFO - 数据加载完成: 36120 条记录, 300 只股票
[22:40:36] INFO - 开始特征工程 (300 只股票)...
[22:41:20] INFO - 特征矩阵: (33845, 130), 目标: (33845,)
[22:41:20] INFO - 波动率聚类分布: 低=16391, 中=8840, 高=8614
[22:41:20] INFO - 样本权重: mean=1.74, 高权重占比=25.0%
[22:41:20] INFO - 6模型方案: LightGBM + CatBoost + XGBoost + PatchTST + TimesNet + DLinear
[22:41:20] INFO - 开始训练基础模型...
[22:41:20] INFO - 训练集: 30461 样本, 验证集: 3384 样本
[22:41:20] INFO - 并行训练 3 个ML模型...
[22:41:20] INFO - 训练 lightgbm...
[22:41:20] INFO - 训练 catboost...
[22:41:20] INFO - 训练 xgboost...
[22:41:21] INFO -   lightgbm val MSE=0.003326, IC=0.4360
[22:41:33] INFO -   xgboost val MSE=0.002833, IC=0.5306
[22:41:33] INFO -   catboost val MSE=0.003412, IC=0.4150
[22:41:33] INFO - 串行训练 3 个PyTorch模型...
[22:41:33] INFO - 训练 patchtst...
[22:41:36] INFO -   patchtst Epoch 1/50, train=0.0294, val_loss=0.0038, val_ic=0.0409
[22:41:44] INFO -   patchtst Epoch 5/50, train=0.0039, val_loss=0.0036, val_ic=0.1666
[22:41:53] INFO -   patchtst Epoch 10/50, train=0.0037, val_loss=0.0036, val_ic=0.1905
[22:42:02] INFO -   patchtst Epoch 15/50, train=0.0032, val_loss=0.0034, val_ic=0.3289
[22:42:11] INFO -   patchtst Epoch 20/50, train=0.0027, val_loss=0.0033, val_ic=0.3522
[22:42:21] INFO -   patchtst Epoch 25/50, train=0.0023, val_loss=0.0033, val_ic=0.3794
[22:42:30] INFO -   patchtst Epoch 30/50, train=0.0020, val_loss=0.0032, val_ic=0.4095
[22:42:39] INFO -   patchtst Epoch 35/50, train=0.0025, val_loss=0.0033, val_ic=0.3637
[22:42:49] INFO -   patchtst Epoch 40/50, train=0.0017, val_loss=0.0031, val_ic=0.4109
[22:42:59] INFO -   patchtst Epoch 45/50, train=0.0016, val_loss=0.0032, val_ic=0.3828
[22:43:07] INFO -   patchtst 早停 @ epoch 49 (best_ic=0.4161)
[22:43:07] INFO -   patchtst 训练完成 (最佳 val_loss=0.003073, val_ic=0.4161)
[22:43:07] INFO - 训练 timesnet...
[22:43:11] INFO -   timesnet Epoch 1/50, train=1.4683, val_loss=0.0035, val_ic=0.2832
[22:43:28] INFO -   timesnet Epoch 5/50, train=0.0032, val_loss=0.0033, val_ic=0.3899
[22:43:48] INFO -   timesnet Epoch 10/50, train=0.0028, val_loss=0.0031, val_ic=0.4040
[22:44:09] INFO -   timesnet Epoch 15/50, train=0.0027, val_loss=0.0031, val_ic=0.4225
[22:44:30] INFO -   timesnet Epoch 20/50, train=0.0023, val_loss=0.0031, val_ic=0.4374
[22:44:50] INFO -   timesnet Epoch 25/50, train=0.0020, val_loss=0.0031, val_ic=0.4143
[22:45:03] INFO -   timesnet 早停 @ epoch 28 (best_ic=0.4679)
[22:45:03] INFO -   timesnet 训练完成 (最佳 val_loss=0.003052, val_ic=0.4679)
[22:45:03] INFO - 训练 dlinear...
[22:45:15] INFO -   dlinear Epoch 1/50, train=0.0314, val_loss=0.0070, val_ic=0.0608
[22:46:04] INFO -   dlinear Epoch 5/50, train=0.0038, val_loss=0.0036, val_ic=0.2232
[22:47:04] INFO -   dlinear Epoch 10/50, train=0.0034, val_loss=0.0033, val_ic=0.3034
[22:48:02] INFO -   dlinear Epoch 15/50, train=0.0033, val_loss=0.0033, val_ic=0.3266
[22:49:02] INFO -   dlinear Epoch 20/50, train=0.0031, val_loss=0.0032, val_ic=0.3442
[22:50:02] INFO -   dlinear Epoch 25/50, train=0.0030, val_loss=0.0032, val_ic=0.3609
[22:51:01] INFO -   dlinear Epoch 30/50, train=0.0030, val_loss=0.0032, val_ic=0.3769
[22:52:00] INFO -   dlinear Epoch 35/50, train=0.0031, val_loss=0.0032, val_ic=0.3453
[22:52:48] INFO -   dlinear 早停 @ epoch 39 (best_ic=0.3767)
[22:52:48] INFO -   dlinear 训练完成 (最佳 val_loss=0.003162, val_ic=0.3767)
[22:52:48] INFO - 基础模型训练完成
[22:52:48] INFO - 生成OOF预测...
[22:52:48] INFO - 时间序列滚动交叉验证 (6 折)...
[22:52:48] WARNING -   Fold 1 训练集不足(需要>120, 当前0)，跳过
[22:52:48] INFO -   Fold 2/6: train=5640, val=5640
