[22:16:51] INFO - GPU: NVIDIA GeForce RTX 4060 Laptop GPU
[22:16:51] INFO - ============================================================
[22:16:51] INFO - 股价预测模型 - 训练主程序
[22:16:51] INFO - 开始时间: 2026-04-28 22:16:51
[22:16:51] INFO - ============================================================
[22:18:57] INFO - 数据加载完成: 71904 条记录, 300 只股票
[22:18:57] INFO - 开始特征工程 (300 只股票)...
[22:20:19] INFO - 特征矩阵: (70404, 127), 目标: (70404,)
[22:20:20] INFO - 6模型方案: LightGBM + CatBoost + XGBoost + PatchTST + TimesNet + DLinear
[22:20:20] INFO - 开始训练基础模型...
[22:20:20] INFO - 训练集: 63364 样本, 验证集: 7040 样本
[22:20:20] INFO - 并行训练 3 个ML模型...
[22:20:20] INFO - 训练 lightgbm...
[22:20:20] INFO - 训练 catboost...
[22:20:20] INFO - 训练 xgboost...
[22:20:21] INFO -   lightgbm val MSE=0.003431, IC=0.4712
[22:26:00] INFO -   xgboost val MSE=0.003402, IC=0.4800
[22:26:00] INFO -   catboost val MSE=0.003550, IC=0.4788
[22:26:00] INFO - 串行训练 3 个PyTorch模型...
[22:26:00] INFO - 训练 patchtst...
[22:26:05] INFO -   patchtst Epoch 1/50, train=0.0180, val=0.0045
[22:26:21] INFO -   patchtst Epoch 5/50, train=0.0027, val=0.0045
[22:26:39] INFO -   patchtst Epoch 10/50, train=0.0026, val=0.0042
[22:26:58] INFO -   patchtst Epoch 15/50, train=0.0024, val=0.0042
[22:27:16] INFO -   patchtst Epoch 20/50, train=0.0020, val=0.0040
[22:27:35] INFO -   patchtst Epoch 25/50, train=0.0018, val=0.0039
[22:27:53] INFO -   patchtst Epoch 30/50, train=0.0016, val=0.0039
[22:28:11] INFO -   patchtst Epoch 35/50, train=0.0019, val=0.0038
[22:28:22] INFO -   patchtst 早停 @ epoch 38
[22:28:22] INFO -   patchtst 训练完成 (最佳 val_loss=0.003830)
[22:28:22] INFO - 训练 timesnet...
[22:28:31] INFO -   timesnet Epoch 1/50, train=0.4544, val=0.0047
[22:29:04] INFO -   timesnet Epoch 5/50, train=0.0026, val=0.0045
[22:29:45] INFO -   timesnet Epoch 10/50, train=0.0026, val=0.0044
[22:30:01] INFO -   timesnet 早停 @ epoch 12
[22:30:01] INFO -   timesnet 训练完成 (最佳 val_loss=0.004447)
[22:30:02] INFO - 训练 dlinear...
[22:30:23] INFO -   dlinear Epoch 1/50, train=7.6947, val=2.5098
[22:31:48] INFO -   dlinear Epoch 5/50, train=0.4331, val=0.4652
[22:33:35] INFO -   dlinear Epoch 10/50, train=0.2541, val=0.3144
[22:35:21] INFO -   dlinear Epoch 15/50, train=0.1148, val=0.1263
[22:37:07] INFO -   dlinear Epoch 20/50, train=0.0579, val=0.0747
[22:38:53] INFO -   dlinear Epoch 25/50, train=0.0399, val=0.0530
[22:40:40] INFO -   dlinear Epoch 30/50, train=0.0349, val=0.0481
[22:42:27] INFO -   dlinear Epoch 35/50, train=0.0333, val=0.0390
[22:44:12] INFO -   dlinear Epoch 40/50, train=0.0302, val=0.0347
[22:45:58] INFO -   dlinear Epoch 45/50, train=0.0262, val=0.0262
[22:47:44] INFO -   dlinear Epoch 50/50, train=0.0161, val=0.0203
[22:47:44] INFO -   dlinear 训练完成 (最佳 val_loss=0.020308)
[22:47:44] INFO - 基础模型训练完成
[22:47:44] INFO - 生成OOF预测...
[22:47:44] INFO - 时间序列滚动交叉验证 (6 折)...
[22:47:44] WARNING -   Fold 1 训练集太小，跳过
[22:47:44] INFO -   Fold 2/6: train=11734, val=11734
[22:47:45] WARNING -   Fold 2 xgboost 失败: Must have at least 1 validation dataset for early stopping.
[22:49:21] INFO -   Fold 3/6: train=23468, val=11734
[22:49:22] WARNING -   Fold 3 xgboost 失败: Must have at least 1 validation dataset for early stopping.
[22:52:38] INFO -   Fold 4/6: train=35202, val=11734
[22:52:39] WARNING -   Fold 4 xgboost 失败: Must have at least 1 validation dataset for early stopping.
[22:57:24] INFO -   Fold 5/6: train=46936, val=11734
[22:57:25] WARNING -   Fold 5 xgboost 失败: Must have at least 1 validation dataset for early stopping.
[23:03:09] INFO -   Fold 6/6: train=58670, val=11734
[23:03:11] WARNING -   Fold 6 xgboost 失败: Must have at least 1 validation dataset for early stopping.
[23:10:57] INFO - 训练Stacking元模型...
[23:10:57] INFO - 元模型训练完成 (alpha=0.01)
[23:10:57] INFO - 元模型 OOF MSE=0.002421, IC=0.3266
[23:10:57] INFO - 
============================================================
[23:10:57] INFO - 模型评估结果
[23:10:57] INFO - ============================================================
[23:10:57] INFO - 
lightgbm:
[23:10:57] INFO -   MSE=0.002522, MAE=0.032952, R²=0.1264, IC=0.3667
[23:10:57] INFO - 
catboost:
[23:10:57] INFO -   MSE=0.002535, MAE=0.033315, R²=0.1222, IC=0.3470
[23:10:57] INFO - 
patchtst:
[23:10:57] INFO -   MSE=0.003101, MAE=0.039545, R²=-0.0754, IC=0.0841
[23:10:57] INFO - 
timesnet:
[23:10:57] INFO -   MSE=0.002892, MAE=0.036107, R²=-0.0030, IC=-0.0143
[23:10:57] INFO - 
dlinear:
[23:10:57] INFO -   MSE=0.281759, MAE=0.381773, R²=-96.7064, IC=0.0115
[23:10:57] INFO - 
Stacking Ensemble:
[23:10:57] INFO -   MSE=0.002421, MAE=0.032853, R²=0.1234, IC=0.3266
[23:10:57] INFO - 模型已保存到 D:\stockclone\bdc2026\app\code\src\model
[23:10:57] INFO - ============================================================
[23:10:57] INFO - 训练完成! 总耗时: 0.90 小时
[23:10:57] INFO - ============================================================
