[00:03:26] INFO - GPU: NVIDIA GeForce RTX 4060 Laptop GPU
[00:03:27] INFO - ============================================================
[00:03:27] INFO - 股价预测模型 - 训练主程序
[00:03:27] INFO - 开始时间: 2026-05-11 00:03:27
[00:03:27] INFO - ============================================================
[00:03:48] INFO - 数据加载完成: 35839 条记录, 300 只股票
[00:03:48] INFO - 开始特征工程 (300 只股票)...
[00:04:24] INFO - 特征矩阵: (33561, 130), 目标: (33561,)
[00:04:24] INFO - 波动率聚类分布: 低=16602, 中=8418, 高=8541
[00:04:24] INFO - 样本权重: mean=1.73, 高权重占比=24.6%
[00:04:24] INFO - 7模型方案: LightGBM + CatBoost + XGBoost + NGBoost + PatchTST + DLinear + TFT
[00:04:24] INFO - 开始训练基础模型...
[00:04:24] INFO - 训练集: 30205 样本, 验证集: 3356 样本
[00:04:24] INFO - 并行训练 4 个ML模型...
[00:04:24] INFO - 训练 lightgbm...
[00:04:24] INFO - 训练 catboost...
[00:04:24] INFO - 训练 xgboost...
[00:04:24] INFO - 训练 ngboost...
[00:04:24] ERROR -   ngboost 训练失败: check_X_y() got an unexpected keyword argument 'ensure_all_finite'
[00:04:25] INFO -   lightgbm val MSE=0.003457, IC=0.4665
[00:04:37] INFO -   xgboost val MSE=0.003040, IC=0.5395
[00:04:37] INFO -   catboost val MSE=0.003629, IC=0.4317
[00:04:37] INFO - 串行训练 3 个PyTorch模型...
[00:04:37] INFO - 训练 patchtst...
[00:04:40] INFO -   patchtst Epoch 1/50, train=0.0300, val_loss=0.0038, val_ic=0.1043
[00:04:47] INFO -   patchtst Epoch 5/50, train=0.0041, val_loss=0.0038, val_ic=0.2225
[00:04:57] INFO -   patchtst Epoch 10/50, train=0.0038, val_loss=0.0037, val_ic=0.2267
[00:05:06] INFO -   patchtst Epoch 15/50, train=0.0034, val_loss=0.0037, val_ic=0.2689
[00:05:15] INFO -   patchtst Epoch 20/50, train=0.0034, val_loss=0.0035, val_ic=0.3143
[00:05:24] INFO -   patchtst Epoch 25/50, train=0.0025, val_loss=0.0034, val_ic=0.3657
[00:05:33] INFO -   patchtst Epoch 30/50, train=0.0022, val_loss=0.0033, val_ic=0.3869
[00:05:43] INFO -   patchtst Epoch 35/50, train=0.0026, val_loss=0.0035, val_ic=0.3498
[00:05:52] INFO -   patchtst Epoch 40/50, train=0.0019, val_loss=0.0033, val_ic=0.3602
[00:05:52] INFO -   patchtst 早停 @ epoch 40 (best_ic=0.3869)
[00:05:52] INFO -   patchtst 训练完成 (最佳 val_loss=0.003342, val_ic=0.3869)
[00:05:52] INFO - 训练 dlinear...
[00:06:03] INFO -   dlinear Epoch 1/50, train=0.0335, val_loss=0.0076, val_ic=0.0634
[00:06:50] INFO -   dlinear Epoch 5/50, train=0.0040, val_loss=0.0037, val_ic=0.2335
[00:07:55] INFO -   dlinear Epoch 10/50, train=0.0035, val_loss=0.0034, val_ic=0.3160
[00:09:00] INFO -   dlinear Epoch 15/50, train=0.0034, val_loss=0.0034, val_ic=0.3295
[00:10:03] INFO -   dlinear Epoch 20/50, train=0.0033, val_loss=0.0033, val_ic=0.3789
[00:11:06] INFO -   dlinear Epoch 25/50, train=0.0032, val_loss=0.0033, val_ic=0.3803
[00:12:10] INFO -   dlinear Epoch 30/50, train=0.0031, val_loss=0.0032, val_ic=0.4011
[00:13:12] INFO -   dlinear Epoch 35/50, train=0.0033, val_loss=0.0034, val_ic=0.3496
[00:13:59] INFO -   dlinear 早停 @ epoch 39 (best_ic=0.4010)
[00:13:59] INFO -   dlinear 训练完成 (最佳 val_loss=0.003207, val_ic=0.4010)
[00:13:59] INFO - 训练 tft...
[00:14:01] INFO -   tft Epoch 1/50, train=0.0611, val_loss=0.0037, val_ic=0.1522
[00:14:10] INFO -   tft Epoch 5/50, train=0.0039, val_loss=0.0038, val_ic=0.2530
[00:14:21] INFO -   tft Epoch 10/50, train=0.0035, val_loss=0.0035, val_ic=0.3148
[00:14:32] INFO -   tft Epoch 15/50, train=0.0035, val_loss=0.0035, val_ic=0.3260
[00:14:43] INFO -   tft Epoch 20/50, train=0.0035, val_loss=0.0037, val_ic=0.2971
[00:14:54] INFO -   tft Epoch 25/50, train=0.0028, val_loss=0.0033, val_ic=0.3756
[00:15:05] INFO -   tft Epoch 30/50, train=0.0025, val_loss=0.0032, val_ic=0.3922
[00:15:16] INFO -   tft Epoch 35/50, train=0.0028, val_loss=0.0034, val_ic=0.3667
[00:15:26] INFO -   tft Epoch 40/50, train=0.0029, val_loss=0.0036, val_ic=0.3805
[00:15:37] INFO -   tft Epoch 45/50, train=0.0023, val_loss=0.0033, val_ic=0.3543
[00:15:39] INFO -   tft 早停 @ epoch 46 (best_ic=0.3969)
[00:15:39] INFO -   tft 训练完成 (最佳 val_loss=0.003228, val_ic=0.3969)
[00:15:39] INFO - 基础模型训练完成
[00:15:39] INFO - 生成OOF预测...
[00:15:39] INFO - 时间序列滚动交叉验证 (6 折)...
[00:15:39] WARNING -   Fold 1 训练集不足(需要>120, 当前0)，跳过
[00:15:39] INFO -   Fold 2/6: train=5593, val=5593
[00:15:49] WARNING -   Fold 2 ngboost 失败: check_X_y() got an unexpected keyword argument 'ensure_all_finite'
[00:16:27] INFO -   Fold 3/6: train=11186, val=5593
[00:16:43] WARNING -   Fold 3 ngboost 失败: check_X_y() got an unexpected keyword argument 'ensure_all_finite'
[00:17:58] INFO -   Fold 4/6: train=16779, val=5593
[00:18:17] WARNING -   Fold 4 ngboost 失败: check_X_y() got an unexpected keyword argument 'ensure_all_finite'
[00:20:09] INFO -   Fold 5/6: train=22372, val=5593
[00:20:35] WARNING -   Fold 5 ngboost 失败: check_X_y() got an unexpected keyword argument 'ensure_all_finite'
[00:23:08] INFO -   Fold 6/6: train=27965, val=5596
[00:23:42] WARNING -   Fold 6 ngboost 失败: check_X_y() got an unexpected keyword argument 'ensure_all_finite'
[00:26:53] INFO - 训练Stacking元模型...
[00:26:53] INFO - NNLS权重: IC=0.3980, MSE=0.001897
[00:26:53] INFO - IC优化权重: IC=0.3998, MSE=0.001913
[00:26:53] INFO - 选用IC优化权重 (IC=0.3998)
[00:26:53] INFO -   lightgbm: 0.2033 (有效)
[00:26:53] INFO -   catboost: 0.0000 (被压缩)
[00:26:53] INFO -   xgboost: 0.2724 (有效)
[00:26:53] INFO -   patchtst: 0.1304 (有效)
[00:26:53] INFO -   ngboost: 0.1486 (有效)
[00:26:53] INFO -   dlinear: 0.0769 (有效)
[00:26:53] INFO -   tft: 0.1683 (有效)
[00:26:53] INFO - 元模型 OOF MSE=0.001913, IC=0.3949
[00:26:53] INFO - 
============================================================
[00:26:53] INFO - 模型评估结果
[00:26:53] INFO - ============================================================
[00:26:53] INFO - 
lightgbm:
[00:26:53] INFO -   MSE=0.002111, MAE=0.030852, R2=0.0986, IC=0.4149
[00:26:53] INFO - 
catboost:
[00:26:53] INFO -   MSE=0.002211, MAE=0.031659, R2=0.0557, IC=0.3846
[00:26:53] INFO - 
xgboost:
[00:26:53] INFO -   MSE=0.002088, MAE=0.030720, R2=0.1082, IC=0.4216
[00:26:53] INFO - 
patchtst:
[00:26:53] INFO -   MSE=0.002292, MAE=0.030937, R2=0.0263, IC=0.2557
[00:26:53] INFO - 
dlinear:
[00:26:53] INFO -   MSE=0.002358, MAE=0.031897, R2=-0.0017, IC=0.2574
[00:26:53] INFO - 
tft:
[00:26:53] INFO -   MSE=0.002268, MAE=0.031183, R2=0.0366, IC=0.2525
[00:26:53] INFO - 
Stacking Ensemble:
[00:26:53] INFO -   MSE=0.001913, MAE=0.028229, R2=0.1411, IC=0.3949
[00:26:53] INFO - 模型已保存到 D:\stockclone\bdc2026\app\code\src\model
[00:26:53] INFO - ============================================================
[00:26:53] INFO - 训练完成! 总耗时: 0.39 小时
[00:26:53] INFO - ============================================================
[00:26:55] INFO - SHAP分析完成, top-3: volatility_cluster=0.0075, industry_pe_percentile=0.0037, return_120d=0.0037
