[18:35:26] INFO - GPU: NVIDIA GeForce RTX 4060 Laptop GPU
[18:35:26] INFO - ============================================================
[18:35:26] INFO - 股价预测模型 - 训练主程序
[18:35:26] INFO - 开始时间: 2026-05-05 18:35:26
[18:35:26] INFO - ============================================================
[18:35:37] INFO - 数据加载完成: 36120 条记录, 300 只股票
[18:35:37] INFO - 开始特征工程 (300 只股票)...
[18:36:15] INFO - 特征矩阵: (33845, 112), 目标: (33845,)
[18:36:15] INFO - 波动率聚类分布: 低=16391, 中=8840, 高=8614
[18:36:15] INFO - 样本权重: mean=1.74, 高权重占比=25.0%
[18:36:15] INFO - 6模型方案: LightGBM + CatBoost + XGBoost + PatchTST + TimesNet + DLinear
[18:36:15] INFO - 开始训练基础模型...
[18:36:15] INFO - 训练集: 30461 样本, 验证集: 3384 样本
[18:36:15] INFO - 并行训练 3 个ML模型...
[18:36:15] INFO - 训练 lightgbm...
[18:36:15] INFO - 训练 catboost...
[18:36:15] INFO - 训练 xgboost...
[18:36:16] INFO -   lightgbm val MSE=0.003305, IC=0.4417
[18:36:43] INFO -   xgboost val MSE=0.002893, IC=0.5185
[18:36:43] INFO -   catboost val MSE=0.003413, IC=0.4252
[18:36:43] INFO - 串行训练 3 个PyTorch模型...
[18:36:43] INFO - 训练 patchtst...
[18:36:46] INFO -   patchtst Epoch 1/50, train=0.0246, val_loss=0.0036, val_ic=0.1815
[18:36:54] INFO -   patchtst Epoch 5/50, train=0.0037, val_loss=0.0036, val_ic=0.2211
[18:37:04] INFO -   patchtst Epoch 10/50, train=0.0034, val_loss=0.0035, val_ic=0.2776
[18:37:13] INFO -   patchtst Epoch 15/50, train=0.0033, val_loss=0.0036, val_ic=0.2994
[18:37:22] INFO -   patchtst Epoch 20/50, train=0.0027, val_loss=0.0034, val_ic=0.3507
[18:37:31] INFO -   patchtst Epoch 25/50, train=0.0023, val_loss=0.0034, val_ic=0.3623
[18:37:40] INFO -   patchtst Epoch 30/50, train=0.0020, val_loss=0.0032, val_ic=0.3841
[18:37:50] INFO -   patchtst Epoch 35/50, train=0.0027, val_loss=0.0032, val_ic=0.3742
[18:37:59] INFO -   patchtst Epoch 40/50, train=0.0021, val_loss=0.0032, val_ic=0.3736
[18:38:09] INFO -   patchtst Epoch 45/50, train=0.0018, val_loss=0.0031, val_ic=0.3991
[18:38:18] INFO -   patchtst Epoch 50/50, train=0.0014, val_loss=0.0032, val_ic=0.3768
[18:38:18] INFO -   patchtst 训练完成 (最佳 val_loss=0.003105, val_ic=0.3991)
[18:38:18] INFO - 训练 timesnet...
[18:38:22] INFO -   timesnet Epoch 1/50, train=7.7842, val_loss=0.0037, val_ic=-0.0170
[18:38:36] INFO -   timesnet Epoch 5/50, train=0.0038, val_loss=0.0036, val_ic=-0.0080
[18:38:54] INFO -   timesnet Epoch 10/50, train=0.0038, val_loss=0.0036, val_ic=-0.0224
[18:39:12] INFO -   timesnet Epoch 15/50, train=0.0038, val_loss=0.0037, val_ic=-0.0085
[18:39:15] INFO -   timesnet 早停 @ epoch 16 (best_ic=0.0209)
[18:39:15] INFO -   timesnet 训练完成 (最佳 val_loss=0.003642, val_ic=0.0209)
[18:39:16] INFO - 训练 dlinear...
[18:39:26] INFO -   dlinear Epoch 1/50, train=0.0321, val_loss=0.0079, val_ic=0.0379
[18:40:08] INFO -   dlinear Epoch 5/50, train=0.0039, val_loss=0.0037, val_ic=0.2025
[18:40:59] INFO -   dlinear Epoch 10/50, train=0.0034, val_loss=0.0034, val_ic=0.2961
[18:41:51] INFO -   dlinear Epoch 15/50, train=0.0033, val_loss=0.0034, val_ic=0.2775
[18:42:43] INFO -   dlinear Epoch 20/50, train=0.0032, val_loss=0.0033, val_ic=0.3205
[18:43:35] INFO -   dlinear Epoch 25/50, train=0.0031, val_loss=0.0032, val_ic=0.3619
[18:44:26] INFO -   dlinear Epoch 30/50, train=0.0030, val_loss=0.0032, val_ic=0.3782
[18:45:17] INFO -   dlinear Epoch 35/50, train=0.0032, val_loss=0.0033, val_ic=0.3285
[18:45:58] INFO -   dlinear 早停 @ epoch 39 (best_ic=0.3779)
[18:45:58] INFO -   dlinear 训练完成 (最佳 val_loss=0.003160, val_ic=0.3779)
[18:45:58] INFO - 基础模型训练完成
[18:45:58] INFO - 生成OOF预测...
[18:45:58] INFO - 时间序列滚动交叉验证 (6 折)...
[18:45:58] WARNING -   Fold 1 训练集不足(需要>120, 当前0)，跳过
[18:45:58] INFO -   Fold 2/6: train=5640, val=5640
[18:46:43] INFO -   Fold 3/6: train=11280, val=5640
[18:48:10] INFO -   Fold 4/6: train=16920, val=5640
[18:50:13] INFO -   Fold 5/6: train=22560, val=5640
[18:53:03] INFO -   Fold 6/6: train=28200, val=5645
[18:56:36] INFO - 训练Stacking元模型...
[18:56:36] INFO - NNLS权重: IC=0.3822, MSE=0.001866
[18:56:36] INFO - IC优化权重: IC=0.3855, MSE=0.001869
[18:56:36] INFO - 选用IC优化权重 (IC=0.3855)
[18:56:36] INFO -   lightgbm: 0.0102 (被压缩)
[18:56:36] INFO -   catboost: 0.1618 (有效)
[18:56:36] INFO -   xgboost: 0.4305 (有效)
[18:56:36] INFO -   patchtst: 0.1559 (有效)
[18:56:36] INFO -   timesnet: 0.1934 (有效)
[18:56:36] INFO -   dlinear: 0.0481 (被压缩)
[18:56:36] INFO - 元模型 OOF MSE=0.001869, IC=0.3763
[18:56:36] INFO - 
============================================================
[18:56:36] INFO - 模型评估结果
[18:56:36] INFO - ============================================================
[18:56:36] INFO - 
lightgbm:
[18:56:36] INFO -   MSE=0.002100, MAE=0.030621, R2=0.0751, IC=0.3855
[18:56:36] INFO - 
catboost:
[18:56:36] INFO -   MSE=0.002151, MAE=0.031126, R2=0.0529, IC=0.3744
[18:56:36] INFO - 
xgboost:
[18:56:36] INFO -   MSE=0.002025, MAE=0.030064, R2=0.1083, IC=0.4205
[18:56:36] INFO - 
patchtst:
[18:56:36] INFO -   MSE=0.002225, MAE=0.031656, R2=0.0256, IC=0.2341
[18:56:36] INFO - 
timesnet:
[18:56:36] INFO -   MSE=0.002205, MAE=0.030233, R2=0.0345, IC=0.2308
[18:56:36] INFO - 
dlinear:
[18:56:36] INFO -   MSE=0.002386, MAE=0.032325, R2=-0.0451, IC=0.2285
[18:56:36] INFO - 
Stacking Ensemble:
[18:56:36] INFO -   MSE=0.001869, MAE=0.028301, R2=0.1347, IC=0.3763
[18:56:36] INFO - 模型已保存到 D:\stockclone\bdc2026\app\code\src\model
[18:56:36] INFO - ============================================================
[18:56:36] INFO - 训练完成! 总耗时: 0.35 小时
[18:56:36] INFO - ============================================================
